[2026-02-20 12:38:00] Attempting mail() to=tyler@trueloveservices.com from=no-reply@truelove-lawn-care.abelwebdesigns.com replyTo=tyleraustinabel@gmail.com user_id=2
[2026-02-20 12:38:00] mail() returned: TRUE
[2026-02-20 13:05:28] Attempting mail() to=tyler@trueloveservices.com from=no-reply@truelove-lawn-care.abelwebdesigns.com replyTo=tyleraustinabel@gmail.com user_id=2
[2026-02-20 13:05:28] mail() returned: TRUE
[2026-02-21 19:32:41] Attempting mail() to=tyler@trueloveservices.com from=no-reply@truelove-lawn-care.abelwebdesigns.com replyTo=tyleraustinabel@gmail.com user_id=2
[2026-02-21 19:32:41] mail() returned: TRUE
[2026-02-24 11:41:54] Attempting mail() to=tyler@trueloveservices.com from=no-reply@truelove-lawn-care.abelwebdesigns.com replyTo=mcgheed38@gmail.com user_id=21
[2026-02-24 11:41:54] mail() returned: TRUE
[2026-02-24 11:43:14] Attempting mail() to=tyler@trueloveservices.com from=no-reply@truelove-lawn-care.abelwebdesigns.com replyTo=tyleraustinabel@gmail.com user_id=2
[2026-02-24 11:43:14] mail() returned: TRUE
[2026-02-24 11:44:32] Attempting mail() to=tyler@trueloveservices.com from=no-reply@truelove-lawn-care.abelwebdesigns.com replyTo=mcgheed38@gmail.com user_id=21
[2026-02-24 11:44:32] mail() returned: TRUE
[2026-03-05 07:54:36] Attempting mail() to=tyler@trueloveservices.com from=no-reply@truelove-lawn-care.abelwebdesigns.com replyTo=mcgheed38@gmail.com user_id=21
[2026-03-05 07:54:36] mail() returned: TRUE
[2026-03-09 06:37:57] Attempting mail() to=tyler@trueloveservices.com from=no-reply@truelove-lawn-care.abelwebdesigns.com replyTo=no-reply@truelove-lawn-care.abelwebdesigns.com user_id=26
[2026-03-09 06:37:57] mail() returned: TRUE
[2026-03-11 11:40:26] Attempting mail() to=tyler@trueloveservices.com from=no-reply@truelove-lawn-care.abelwebdesigns.com replyTo=ethanpotash96@gmail.com user_id=46
[2026-03-11 11:40:26] mail() returned: TRUE
[2026-03-23 16:42:24] Attempting mail() to=tyler@trueloveservices.com from=no-reply@truelove-lawn-care.abelwebdesigns.com replyTo=tyleraustinabel@gmail.com user_id=2
[2026-03-23 16:42:24] mail() returned: TRUE
[2026-04-01 18:50:55] Attempting mail() to=tyler@trueloveservices.com from=no-reply@truelove-lawn-care.abelwebdesigns.com replyTo=no-reply@truelove-lawn-care.abelwebdesigns.com user_id=43
[2026-04-01 18:50:55] mail() returned: TRUE
[2026-04-07 16:28:42] Attempting mail() to=tyler@trueloveservices.com from=no-reply@truelove-lawn-care.abelwebdesigns.com replyTo=sambiddy2020@icloil.com user_id=48
[2026-04-07 16:28:42] mail() returned: TRUE
[2026-04-23 07:31:45] Attempting mail() to=tyler@trueloveservices.com from=no-reply@truelove-lawn-care.abelwebdesigns.com replyTo=no-reply@truelove-lawn-care.abelwebdesigns.com user_id=28
[2026-04-23 07:31:45] mail() returned: TRUE
[2026-04-23 19:44:55] Attempting mail() to=tyler@trueloveservices.com from=no-reply@truelove-lawn-care.abelwebdesigns.com replyTo=pakeha6765@gmail.com user_id=44
[2026-04-23 19:44:55] mail() returned: TRUE
[2026-05-06 00:49:14] Attempting mail() to=tyler@trueloveservices.com from=no-reply@truelove-lawn-care.abelwebdesigns.com replyTo=preplynch5@gmail.com user_id=50
[2026-05-06 00:49:14] mail() returned: TRUE
[2026-05-13 07:41:55] Attempting mail() to=tyler@trueloveservices.com from=no-reply@truelove-lawn-care.abelwebdesigns.com replyTo=keeponmowingindy@gmail.com user_id=42
[2026-05-13 07:41:55] mail() returned: TRUE
[2026-05-14 09:36:14] Attempting mail() to=tyler@trueloveservices.com from=no-reply@truelove-lawn-care.abelwebdesigns.com replyTo=preplynch5@gmail.com user_id=50
[2026-05-14 09:36:14] mail() returned: TRUE
[2026-05-15 10:23:45] Attempting mail() to=tyler@trueloveservices.com from=no-reply@truelove-lawn-care.abelwebdesigns.com replyTo=Cmccullough092@gmail.com user_id=47
[2026-05-15 10:23:45] mail() returned: TRUE
[2026-05-18 07:45:10] Attempting mail() to=tyler@trueloveservices.com from=no-reply@truelove-lawn-care.abelwebdesigns.com replyTo=20christiancox02@gmail.com user_id=54
[2026-05-18 07:45:10] mail() returned: TRUE
[2026-05-18 09:19:14] Attempting mail() to=tyler@trueloveservices.com from=no-reply@truelove-lawn-care.abelwebdesigns.com replyTo=no-reply@truelove-lawn-care.abelwebdesigns.com user_id=43
[2026-05-18 09:19:14] mail() returned: TRUE
[2026-05-23 10:21:51] Attempting mail() to=tyler@trueloveservices.com from=no-reply@truelove-lawn-care.abelwebdesigns.com replyTo=no-reply@truelove-lawn-care.abelwebdesigns.com user_id=28
[2026-05-23 10:21:51] mail() returned: TRUE
[2026-05-26 12:41:28] Attempting mail() to=tyler@trueloveservices.com from=no-reply@truelove-lawn-care.abelwebdesigns.com replyTo=Cmccullough092@gmail.com user_id=47
[2026-05-26 12:41:28] mail() returned: TRUE
[2026-05-26 12:42:28] Attempting mail() to=tyler@trueloveservices.com from=no-reply@truelove-lawn-care.abelwebdesigns.com replyTo=Cmccullough092@gmail.com user_id=47
[2026-05-26 12:42:28] mail() returned: TRUE
[2026-06-04 07:35:20] Attempting mail() to=tyler@trueloveservices.com from=no-reply@truelove-lawn-care.abelwebdesigns.com replyTo=cooper.weaver.2008@gmail.com user_id=58
[2026-06-04 07:35:21] mail() returned: TRUE
[2026-06-04 07:42:02] Attempting mail() to=tyler@trueloveservices.com from=no-reply@truelove-lawn-care.abelwebdesigns.com replyTo=sambiddy2020@icloil.com user_id=48
[2026-06-04 07:42:02] mail() returned: TRUE
[2026-06-10 07:33:11] Attempting mail() to=tyler@trueloveservices.com from=no-reply@truelove-lawn-care.abelwebdesigns.com replyTo=cooper.weaver.2008@gmail.com user_id=58
[2026-06-10 07:33:11] mail() returned: TRUE
[2026-06-15 08:27:24] Attempting mail() to=tyler@trueloveservices.com from=no-reply@truelove-lawn-care.abelwebdesigns.com replyTo=matlockjaket@gmail.com user_id=60
[2026-06-15 08:27:24] mail() returned: TRUE
[2026-06-16 12:53:07] Attempting mail() to=tyler@trueloveservices.com from=no-reply@truelove-lawn-care.abelwebdesigns.com replyTo=tyleraustinabel@gmail.com user_id=2
[2026-06-16 12:53:07] mail() returned: TRUE
[2026-06-18 19:22:54] Attempting mail() to=tyler@trueloveservices.com from=no-reply@truelove-lawn-care.abelwebdesigns.com replyTo=preplynch5@gmail.com user_id=50
[2026-06-18 19:22:54] mail() returned: TRUE
[2026-06-25 16:53:10] Attempting mail() to=tyler@trueloveservices.com from=no-reply@truelove-lawn-care.abelwebdesigns.com replyTo=cooper.weaver.2008@gmail.com user_id=58
[2026-06-25 16:53:10] mail() returned: TRUE
[2026-06-26 13:51:42] Attempting mail() to=tyler@trueloveservices.com from=no-reply@truelove-lawn-care.abelwebdesigns.com replyTo=tyleraustinabel@gmail.com user_id=2
[2026-06-26 13:51:42] mail() returned: TRUE
[2026-07-06 08:11:45] Attempting mail() to=tyler@trueloveservices.com from=no-reply@truelove-lawn-care.abelwebdesigns.com replyTo=scottysallaroundservices@gmail.com user_id=65
[2026-07-06 08:11:45] mail() returned: TRUE
[2026-07-08 11:29:13] Attempting mail() to=tyler@trueloveservices.com from=no-reply@truelove-lawn-care.abelwebdesigns.com replyTo=tyleraustinabel@gmail.com user_id=2
[2026-07-08 11:29:13] mail() returned: TRUE
[2026-07-10 20:48:32] Attempting mail() to=tyler@trueloveservices.com from=no-reply@truelove-lawn-care.abelwebdesigns.com replyTo=preplynch5@gmail.com user_id=50
[2026-07-10 20:48:32] mail() returned: TRUE
[2026-07-15 14:11:33] Attempting mail() to=tyler@trueloveservices.com from=no-reply@truelove-lawn-care.abelwebdesigns.com replyTo=rickyfuller88@gmail.com user_id=18
[2026-07-15 14:11:33] mail() returned: TRUE
